// Jest Snapshot v1, https://goo.gl/fbAQLP

exports[`App renders correctly 1`] = `
<View>
  <MapView
    initialRegion={
      Object {
        "latitude": 39.97396,
        "latitudeDelta": 0.0111,
        "longitude": -75.13062,
        "longitudeDelta": 0.0111,
      }
    }
    style={
      Object {
        "height": "90%",
        "width": "100%",
      }
    }
  />
  <View
    accessible={true}
    isTVSelectable={true}
    onResponderGrant={[Function]}
    onResponderMove={[Function]}
    onResponderRelease={[Function]}
    onResponderTerminate={[Function]}
    onResponderTerminationRequest={[Function]}
    onStartShouldSetResponder={[Function]}
    style={
      Object {
        "alignItems": "center",
        "backgroundColor": "purple",
        "height": "10%",
        "justifyContent": "space-evenly",
        "width": "100%",
      }
    }
  >
    <Text
      accessible={true}
      allowFontScaling={true}
      ellipsizeMode="tail"
      style={
        Object {
          "color": "white",
          "fontSize": 36,
        }
      }
    >
      Mark
    </Text>
  </View>
</View>
`;
